// Jest Snapshot v1, https://goo.gl/fbAQLP

exports[`Button Component Mounts Correctly 1`] = `
.c0 {
  display: inline-block;
  cursor: pointer;
  margin: 12px auto;
  padding: 12px;
  font-size: 16px;
  font-weight: 500;
  border-radius: 2px;
  box-shadow: 0 1px 2px rgba(0,0,0,0.5);
  background-color: #3930dc;
  color: white;
  -webkit-transition: 0.1s;
  transition: 0.1s;
}

.c0:hover {
  background-color: #3E34FF;
}

<div>
  <button
    class="c0"
    type="button"
  >
    Click Me!
  </button>
</div>
`;
