// Jest Snapshot v1, https://goo.gl/fbAQLP

exports[`Question Component Mounts Correctly 1`] = `
<div>
  <button
    data-testid="button"
    type="button"
  >
    click?
  </button>
</div>
`;
