// Jest Snapshot v1, https://goo.gl/fbAQLP

exports[`Form Component Mounts Correctly 1`] = `
.c1 {
  display: block;
  -webkit-transition: 0.2s;
  transition: 0.2s;
  border-radius: 2px;
  text-transform: uppercase;
  box-shadow: 0px 2px 3px 0px rgba(50,50,50,0.5);
  -webkit-letter-spacing: 0.06em;
  -moz-letter-spacing: 0.06em;
  -ms-letter-spacing: 0.06em;
  letter-spacing: 0.06em;
  text-transform: uppercase;
  font-size: 14px;
  margin: 14px auto;
  padding: 7px 14px;
  background-color: #6ac56d;
  color: black;
}

.c1:hover {
  background-color: #b2fab4;
}

.c0 {
  display: -webkit-box;
  display: -webkit-flex;
  display: -ms-flexbox;
  display: flex;
  -webkit-flex-direction: column;
  -ms-flex-direction: column;
  flex-direction: column;
  -webkit-box-pack: center;
  -webkit-justify-content: center;
  -ms-flex-pack: center;
  justify-content: center;
  -webkit-align-items: center;
  -webkit-box-align: center;
  -ms-flex-align: center;
  align-items: center;
  text-align: center;
}

<div>
  <form
    class="c0"
  >
    <button
      class="c1"
      disabled=""
      type="submit"
    >
      Submit
    </button>
  </form>
</div>
`;
