// Jest Snapshot v1, https://goo.gl/fbAQLP

exports[`Icon Component Mounts Correctly 1`] = `
<Iconweb__IconWrapper>
  <Glyph
    active={false}
    circle={false}
    noFill={false}
  />
</Iconweb__IconWrapper>
`;
