// Jest Snapshot v1, https://goo.gl/fbAQLP

exports[`WorkThumbnail Component Mounts Correctly 1`] = `
.c9 {
  text-align: left;
  font-weight: 400;
  color: black;
  font-size: 16px;
  margin-bottom: 7px;
}

.c9 .Buttonsweb__LinkWrapper-cbeagw {
  font-weight: 600;
}

.c10 {
  text-align: left;
  font-weight: 200;
  color: #979797;
  font-size: 16px;
  margin-bottom: 7px;
}

.c10 .Buttonsweb__LinkWrapper-cbeagw {
  font-weight: 400;
}

.c11 {
  text-align: left;
  font-weight: 600;
  color: #BABABA;
  font-size: 14px;
  margin-bottom: 7px;
}

.c11 .Buttonsweb__LinkWrapper-cbeagw {
  font-weight: 800;
}

.c4 {
  position: relative;
  max-width: 100%;
  margin: 0;
}

.c6 {
  max-width: 100%;
}

.c5 {
  position: relative;
  width: 100%;
  padding-bottom: 100%;
  overflow: hidden;
}

.c5 + img {
  position: absolute;
  top: 0;
  left: 0;
  width: 100%;
  height: 100%;
  object-fit: cover;
}

.c0 {
  display: -webkit-box;
  display: -webkit-flex;
  display: -ms-flexbox;
  display: flex;
  -webkit-flex-direction: column;
  -ms-flex-direction: column;
  flex-direction: column;
  width: 100%;
  height: auto;
  padding: 2em 0;
  position: relative;
}

.c7 {
  display: none;
  position: absolute;
  top: 4pxpx;
  right: 4pxpx;
  width: 17px;
  height: 17px;
}

.c1 {
  width: 100%;
}

.c2 {
  border: 1px solid black;
  position: relative;
  padding-bottom: 100%;
  width: 100%;
}

.c2 .c3 {
  position: absolute;
  top: 0;
  left: 0;
  width: 100%;
  height: 100%;
}

.c8 {
  margin-left: 0;
  margin-top: 14px;
  display: -webkit-box;
  display: -webkit-flex;
  display: -ms-flexbox;
  display: flex;
  margin-left: 14px;
  margin-top: 0;
  -webkit-flex-direction: column;
  -ms-flex-direction: column;
  flex-direction: column;
  -webkit-box-pack: center;
  -webkit-justify-content: center;
  -ms-flex-pack: center;
  justify-content: center;
  -webkit-align-items: flex-start;
  -webkit-box-align: flex-start;
  -ms-flex-align: flex-start;
  align-items: flex-start;
  text-align: left;
  height: 100%;
  position: absolute;
  padding-bottom: 4em;
}

<div
  class="c0"
>
  <div
    class="c1"
  >
    <div
      class="c2"
    >
      <a
        href="@joseph-thomas/american-graffiti"
      >
        <figure
          class="c3 c4"
        >
          <div
            class="c5"
          />
          <img
            alt=""
            class="c6"
            sizes="100vw"
            src="https://res.cloudinary.com/good-idea/image/upload//b0b0fde6fd2f6d689f027d8f42df2dbabep-scan-140809-0004"
            srcset="https://res.cloudinary.com/good-idea/image/upload/w_1200/b0b0fde6fd2f6d689f027d8f42df2dbabep-scan-140809-0004 1200w, https://res.cloudinary.com/good-idea/image/upload/w_800/b0b0fde6fd2f6d689f027d8f42df2dbabep-scan-140809-0004 800w, https://res.cloudinary.com/good-idea/image/upload/w_400/b0b0fde6fd2f6d689f027d8f42df2dbabep-scan-140809-0004 400w, https://res.cloudinary.com/good-idea/image/upload/w_200/b0b0fde6fd2f6d689f027d8f42df2dbabep-scan-140809-0004 200w, https://res.cloudinary.com/good-idea/image/upload/w_60/b0b0fde6fd2f6d689f027d8f42df2dbabep-scan-140809-0004 60w"
          />
        </figure>
        <div
          class="c7"
        />
      </a>
    </div>
  </div>
  <a
    href="@joseph-thomas/american-graffiti"
  >
    <div
      class="c8"
    >
      <h3
        class="c9"
        color="black"
      >
        American Graffiti
      </h3>
      <h3
        class="c10"
        color="middleGray"
      >
        [original artist], 2014
      </h3>
      <h4
        class="c11"
        color="lightGray"
      >
        8550
      </h4>
    </div>
  </a>
</div>
`;
